// Jest Snapshot v1, https://goo.gl/fbAQLP

exports[`renders LoginPage 1`] = `
<a
  className="LearningModulePanelCard uvs-right uvs-left"
  href="/learning-module/undefined"
  style={
    Object {
      "cursor": "pointer",
    }
  }
>
  <div
    className="card-body"
  >
    <div
      className="testPanelFont card-title h5"
      href="/learning-module/undefined"
    />
    <p
      className="dueDateRequiredModule card-text"
    >
      Due At: 
      Invalid Date
    </p>
  </div>
</a>
`;
