// Jest Snapshot v1, https://goo.gl/fbAQLP

exports[`renders LeaderboardProfile 1`] = `
<div>
  <div
    style={
      Object {
        "display": "flex",
        "justifyContent": "space-between",
      }
    }
  >
    <li
      className="MuiListItem-root MuiListItem-gutters MuiListItem-padding css-1p823my-MuiListItem-root"
      disabled={false}
      style={
        Object {
          "border": "2px solid #000000",
        }
      }
    >
      <div
        className="MuiListItemAvatar-root css-1e9lk82-MuiListItemAvatar-root"
      >
        <div
          className="MuiAvatar-root MuiAvatar-circular css-1wlk0hk-MuiAvatar-root"
        >
          <img
            alt=""
            className="MuiAvatar-img css-1pqm26d-MuiAvatar-img"
            src="data:image/png;base64,"
          />
        </div>
      </div>
      <div
        className="MuiListItemText-root css-tlelie-MuiListItemText-root"
      >
        <p
          className="MuiTypography-root MuiTypography-body2 MuiListItemText-secondary css-83ijpv-MuiTypography-root"
        >
          <span
            className="MuiTypography-root MuiTypography-body2 css-1phucj-MuiTypography-root"
          >
             points
          </span>
        </p>
      </div>
      <div
        className="MuiGrid2-root MuiGrid2-container MuiGrid2-direction-xs-row MuiGrid2-spacing-xs-5 css-9jv012-MuiGrid2-root"
      />
    </li>
        
  </div>
  <hr
    className="MuiDivider-root MuiDivider-fullWidth css-9mgopn-MuiDivider-root"
  />
</div>
`;
