// Jest Snapshot v1, https://goo.gl/fbAQLP

exports[`renders LeaderboardProfile 1`] = `
<div
  className="uvs-left uvs-right justify-content-center undefined card"
  style={
    Object {
      "flexDirection": "row",
    }
  }
>
  <div
    className="displayLeaderboardInfo accordion"
  >
    <button
      className="accordianToggel"
      onClick={[Function]}
      type="button"
    >
      <div
        className="cardHeaderAccordian card"
        style={
          Object {
            "flexDirection": "row",
          }
        }
      >
        <div
          className="userRow text-center row"
        >
          <div
            className="col-lg-2 col-md-2 col-2"
          >
            <div
              className="leaderboardRank"
            >
              .
            </div>
          </div>
          <div
            className="col-lg-2 col-md-2 col-2"
          >
            <img
              alt=""
              className="rounded-circle"
              src="data:image/png;base64,"
            />
          </div>
          <div
            className="col-lg-3 col-md-3 col-4"
          >
            <p
              className="userNameTitle card-text"
            >
              <u />
            </p>
          </div>
          <div
            className="col-lg-4 col-md-5 col-4"
          >
            <div
              className="userPointsLeaderboard"
            >
              <b>
                Total Points:
              </b>
               
            </div>
          </div>
        </div>
      </div>
    </button>
    <div
      aria-expanded={null}
      className="accordianCollapse collapse"
    >
      <div
        className="categorgiesLeaderboardRow row row-cols-lg-6 row-cols-md-3 row-cols-3"
      >
        <img
          alt=""
          className="leaderboardBreak"
          src="/line.png"
        />
      </div>
    </div>
  </div>
</div>
`;
