// Jest Snapshot v1, https://goo.gl/fbAQLP

exports[`renders LoginPage 1`] = `
Array [
  <div
    className="card-group"
  >
    <div
      className="logo card"
    >
      <a
        href="/dash"
      >
        <img
          alt=""
          className="card-img-top MedcurityLogo"
          src="/Medcurity_Logo.png"
        />
      </a>
    </div>
    <div
      className="pillz card"
    >
      <div
        className="justify-content-end nav card-header-pills nav-pills"
        onKeyDown={[Function]}
      >
        <div
          className="navPills uvs-left uvs-right nav-item"
        >
          <a
            className="menubarFont nav-link"
            data-rb-event-key="/settings"
            href="/settings"
            onClick={[Function]}
            onKeyDown={[Function]}
          >
            Settings
          </a>
        </div>
        ,
        <div
          className="navPills uvs-left uvs-right nav-item"
        >
          <a
            className="menubarFont nav-link"
            data-rb-event-key="/"
            href="/"
            onClick={[Function]}
            onKeyDown={[Function]}
          >
            Logout
          </a>
        </div>
      </div>
    </div>
  </div>,
  <div
    className="home"
  >
    <h1
      className="text-center mt-5"
    >
       
    </h1>
  </div>,
]
`;
