// Jest Snapshot v1, https://goo.gl/fbAQLP

exports[`renders LoginPage 1`] = `
<div
  className="settingsRow row"
>
  <div
    className="shadowTab col-sm-2"
  >
    <div
      className="flex-column marginTop  nav nav-pills"
      onKeyDown={[Function]}
      role="tablist"
    >
      <div
        className="selectedSetting nav-item"
      >
        <a
          aria-controls="left-tabs-example-tabpane-first"
          aria-selected={true}
          className="nav-link active"
          data-rb-event-key="first"
          href="#"
          id="left-tabs-example-tab-first"
          onClick={[Function]}
          onKeyDown={[Function]}
          role="tab"
        >
          <img
            alt=""
            className="profileImage  rounded-circle"
            src="/user.png"
            variant="top"
          />
        </a>
      </div>
      <div
        className="unselectedSetting nav-item"
      >
        <a
          aria-controls="left-tabs-example-tabpane-second"
          aria-selected={false}
          className="nav-link"
          data-rb-event-key="second"
          href="#"
          id="left-tabs-example-tab-second"
          onClick={[Function]}
          onKeyDown={[Function]}
          role="tab"
        >
          Tab 2
        </a>
      </div>
    </div>
  </div>
  <div
    className="dropShadow col-sm-8"
  >
    <div
      className="settingsMenuContainer container"
    >
      <div
        className="tab-content"
      >
        <div
          aria-hidden={false}
          aria-labelledby="left-tabs-example-tab-first"
          className="fade tab-pane active show"
          id="left-tabs-example-tabpane-first"
          role="tabpanel"
        >
          <form
            className=""
          >
            <div
              className="usernameInput form-group"
            >
              <small
                className="usernameText form-text"
              >
                UserName
              </small>
              <input
                className="form-control"
                id="exampleForm.ControlTextarea1"
                placeholder="username"
              />
            </div>
            <div
              className="emailInput form-group"
            >
              <small
                className="emailText form-text"
              >
                Email
              </small>
              <input
                className="form-control"
                id="exampleForm.ControlTextarea1"
                placeholder="email"
              />
            </div>
          </form>
        </div>
        <div
          aria-hidden={true}
          aria-labelledby="left-tabs-example-tab-second"
          className="fade tab-pane"
          id="left-tabs-example-tabpane-second"
          role="tabpanel"
        />
      </div>
    </div>
  </div>
</div>
`;
